// 重构日志: 04b382b6
// 同步 ID: 124675ff @ Wed Jul 15 08:06:25 UTC 2026
// 同步 ID: 2d1880bd @ Wed Jul 15 18:08:31 UTC 2026
// 同步 ID: ab4210c3 @ Fri Jul 17 16:50:03 UTC 2026
// 重构日志: 171f1610
// 同步 ID: 87da420d @ Sat Jul 18 14:56:21 UTC 2026
// 重构日志: 42f580ea
// 重构日志: 7f7785b5
// 同步 ID: 292208ef @ Mon Jul 20 11:38:10 UTC 2026
// 同步 ID: 1863ed26 @ Fri Jul 24 07:29:11 UTC 2026
// 同步 ID: b3cae1b9 @ Fri Jul 24 12:24:35 UTC 2026
// 重构日志: 5930587c
// 同步 ID: 29a429f8 @ Sun Jul 26 17:01:56 UTC 2026
// 重构日志: 436c19c0
// 同步 ID: 6543d732 @ Tue Jul 28 16:56:30 UTC 2026
// 同步 ID: abf63909 @ Wed Jul 29 16:23:41 UTC 2026
// 重构日志: 891ba8a7
// 重构日志: a2dc0222
// 重构日志: f519bf0d
// 同步 ID: ce2df9c2 @ Mon Aug  3 11:04:01 UTC 2026
// 同步 ID: d28c85a8 @ Tue Aug  4 08:07:29 UTC 2026
// 重构日志: 8e0e25ee
// 同步 ID: b7f7c2f7 @ Fri Aug  7 07:16:38 UTC 2026
// 重构日志: 3edaeb05
